charl@DESKTOP-DKLINF3 MINGW64 /c/kubernetes-exercises-main (main)
$ kubectl cluster-info
E0709 15:22:32.596325   15672 memcache.go:265] "Unhandled Error" err="couldn't get current server API group list: Get \"https://kubernetes.docker.internal:6443/api?timeout=32s\": EOF"
Kubernetes control plane is running at https://kubernetes.docker.internal:6443

To further debug and diagnose cluster problems, use 'kubectl cluster-info dump'.

charl@DESKTOP-DKLINF3 MINGW64 /c/kubernetes-exercises-main (main)
$ kubectl apply -f deployment.yaml
error: the path "deployment.yaml" does not exist

charl@DESKTOP-DKLINF3 MINGW64 /c/kubernetes-exercises-main (main)
$ cd charles_frelet/

charl@DESKTOP-DKLINF3 MINGW64 /c/kubernetes-exercises-main/charles_frelet (main)
$ kubectl apply -f deployment.yaml
deployment.apps/nginxer-deployment created

charl@DESKTOP-DKLINF3 MINGW64 /c/kubernetes-exercises-main/charles_frelet (main)
$ kubectl apply -f service.yaml
service/nginxer-service created

charl@DESKTOP-DKLINF3 MINGW64 /c/kubernetes-exercises-main/charles_frelet (main)
$ kubectl get pods
NAME                                 READY   STATUS    RESTARTS   AGE
nginxer-deployment-c4474dcf7-67djj   1/1     Running   0          21s
nginxer-deployment-c4474dcf7-mjvxg   1/1     Running   0          22s
nginxer-deployment-c4474dcf7-q8rzc   1/1     Running   0          21s

charl@DESKTOP-DKLINF3 MINGW64 /c/kubernetes-exercises-main/charles_frelet (main)
$ kubectl get services
NAME              TYPE           CLUSTER-IP       EXTERNAL-IP   PORT(S)        AGE
kubernetes        ClusterIP      10.96.0.1        <none>        443/TCP        106s
nginxer-service   LoadBalancer   10.106.121.177   localhost     80:30131/TCP   18s

charl@DESKTOP-DKLINF3 MINGW64 /c/kubernetes-exercises-main/charles_frelet (main)
$ kubectl get deployments
NAME                 READY   UP-TO-DATE   AVAILABLE   AGE
nginxer-deployment   3/3     3            3           44s

charl@DESKTOP-DKLINF3 MINGW64 /c/kubernetes-exercises-main/charles_frelet (main)
$ kubectl get all
NAME                                     READY   STATUS    RESTARTS   AGE
pod/nginxer-deployment-c4474dcf7-67djj   1/1     Running   0          50s
pod/nginxer-deployment-c4474dcf7-mjvxg   1/1     Running   0          51s
pod/nginxer-deployment-c4474dcf7-q8rzc   1/1     Running   0          50s

NAME                      TYPE           CLUSTER-IP       EXTERNAL-IP   PORT(S)        AGE
service/kubernetes        ClusterIP      10.96.0.1        <none>        443/TCP        2m6s
service/nginxer-service   LoadBalancer   10.106.121.177   localhost     80:30131/TCP   38s

NAME                                 READY   UP-TO-DATE   AVAILABLE   AGE
deployment.apps/nginxer-deployment   3/3     3            3           51s

NAME                                           DESIRED   CURRENT   READY   AGE
replicaset.apps/nginxer-deployment-c4474dcf7   3         3         3       51s

charl@DESKTOP-DKLINF3 MINGW64 /c/kubernetes-exercises-main/charles_frelet (main)
$ kubectl scale deployment nginxer-deployment --replicas=5
deployment.apps/nginxer-deployment scaled

charl@DESKTOP-DKLINF3 MINGW64 /c/kubernetes-exercises-main/charles_frelet (main)
$ kubectl get pods
NAME                                 READY   STATUS    RESTARTS   AGE
nginxer-deployment-c4474dcf7-67djj   1/1     Running   0          2m23s
nginxer-deployment-c4474dcf7-6s55w   1/1     Running   0          14s
nginxer-deployment-c4474dcf7-mjvxg   1/1     Running   0          2m24s
nginxer-deployment-c4474dcf7-q8rzc   1/1     Running   0          2m23s
nginxer-deployment-c4474dcf7-xz5gt   1/1     Running   0          14s

charl@DESKTOP-DKLINF3 MINGW64 /c/kubernetes-exercises-main/charles_frelet (main)
$ kubectl scale deployment nginxer-deployment --replicas=2
deployment.apps/nginxer-deployment scaled

charl@DESKTOP-DKLINF3 MINGW64 /c/kubernetes-exercises-main/charles_frelet (main)
$ kubectl logs nginxer-deployment-c4474dcf7-67djj
/docker-entrypoint.sh: /docker-entrypoint.d/ is not empty, will attempt to perform configuration
/docker-entrypoint.sh: Looking for shell scripts in /docker-entrypoint.d/
/docker-entrypoint.sh: Launching /docker-entrypoint.d/10-listen-on-ipv6-by-default.sh
10-listen-on-ipv6-by-default.sh: info: Getting the checksum of /etc/nginx/conf.d/default.conf
10-listen-on-ipv6-by-default.sh: info: Enabled listen on IPv6 in /etc/nginx/conf.d/default.conf
/docker-entrypoint.sh: Sourcing /docker-entrypoint.d/15-local-resolvers.envsh
/docker-entrypoint.sh: Launching /docker-entrypoint.d/20-envsubst-on-templates.sh
/docker-entrypoint.sh: Launching /docker-entrypoint.d/30-tune-worker-processes.sh
/docker-entrypoint.sh: Configuration complete; ready for start up
2025/07/09 13:23:57 [notice] 1#1: using the "epoll" event method
2025/07/09 13:23:57 [notice] 1#1: nginx/1.29.0
2025/07/09 13:23:57 [notice] 1#1: built by gcc 14.2.0 (Alpine 14.2.0)
2025/07/09 13:23:57 [notice] 1#1: OS: Linux 5.15.167.4-microsoft-standard-WSL2
2025/07/09 13:23:57 [notice] 1#1: getrlimit(RLIMIT_NOFILE): 1048576:1048576
2025/07/09 13:23:57 [notice] 1#1: start worker processes
2025/07/09 13:23:57 [notice] 1#1: start worker process 31
2025/07/09 13:23:57 [notice] 1#1: start worker process 32
2025/07/09 13:23:57 [notice] 1#1: start worker process 33
2025/07/09 13:23:57 [notice] 1#1: start worker process 34
2025/07/09 13:23:57 [notice] 1#1: start worker process 35
2025/07/09 13:23:57 [notice] 1#1: start worker process 36
2025/07/09 13:23:57 [notice] 1#1: start worker process 37
2025/07/09 13:23:57 [notice] 1#1: start worker process 38

charl@DESKTOP-DKLINF3 MINGW64 /c/kubernetes-exercises-main/charles_frelet (main)
$ kubectl logs -l app=nginxer
2025/07/09 13:23:57 [notice] 1#1: getrlimit(RLIMIT_NOFILE): 1048576:1048576
2025/07/09 13:23:57 [notice] 1#1: start worker processes
2025/07/09 13:23:57 [notice] 1#1: start worker process 31
2025/07/09 13:23:57 [notice] 1#1: start worker process 32
2025/07/09 13:23:57 [notice] 1#1: start worker process 33
2025/07/09 13:23:57 [notice] 1#1: start worker process 34
2025/07/09 13:23:57 [notice] 1#1: start worker process 35
2025/07/09 13:23:57 [notice] 1#1: start worker process 36
2025/07/09 13:23:57 [notice] 1#1: start worker process 37
2025/07/09 13:23:57 [notice] 1#1: start worker process 38
2025/07/09 13:23:57 [notice] 1#1: getrlimit(RLIMIT_NOFILE): 1048576:1048576
2025/07/09 13:23:57 [notice] 1#1: start worker processes
2025/07/09 13:23:57 [notice] 1#1: start worker process 30
2025/07/09 13:23:57 [notice] 1#1: start worker process 31
2025/07/09 13:23:57 [notice] 1#1: start worker process 32
2025/07/09 13:23:57 [notice] 1#1: start worker process 33
2025/07/09 13:23:57 [notice] 1#1: start worker process 34
2025/07/09 13:23:57 [notice] 1#1: start worker process 35
2025/07/09 13:23:57 [notice] 1#1: start worker process 36
2025/07/09 13:23:57 [notice] 1#1: start worker process 37

charl@DESKTOP-DKLINF3 MINGW64 /c/kubernetes-exercises-main/charles_frelet (main)
$ kubectl get service nginxer-service
NAME              TYPE           CLUSTER-IP       EXTERNAL-IP   PORT(S)        AGE
nginxer-service   LoadBalancer   10.106.121.177   localhost     80:30131/TCP   3m27s

charl@DESKTOP-DKLINF3 MINGW64 /c/kubernetes-exercises-main/charles_frelet (main)
$ kubectl create configmap nginx-config --from-literal=server.name=myserver
configmap/nginx-config created

charl@DESKTOP-DKLINF3 MINGW64 /c/kubernetes-exercises-main/charles_frelet (main)
$ kubectl edit deployment nginxer-deployment
Edit cancelled, no changes made.

charl@DESKTOP-DKLINF3 MINGW64 /c/kubernetes-exercises-main/charles_frelet (main)
$ kubectl get events --sort-by=.metadata.creationTimestamp
LAST SEEN   TYPE      REASON                              OBJECT                                    MESSAGE
7m33s       Warning   PossibleMemoryBackedVolumesOnDisk   node/docker-desktop                       The tmpfs noswap option is not supported. Memory-backed volumes (e.g. secrets, emptyDirs, etc.) might be swapped to disk and should no longer be considered secure.
7m33s       Normal    Starting                            node/docker-desktop                       Starting kubelet.
7m33s       Warning   CgroupV1                            node/docker-desktop                       Cgroup v1 support is in maintenance mode, please migrate to Cgroup v2.
7m33s       Normal    NodeHasSufficientMemory             node/docker-desktop                       Node docker-desktop status is now: NodeHasSufficientMemory
7m33s       Normal    NodeHasNoDiskPressure               node/docker-desktop                       Node docker-desktop status is now: NodeHasNoDiskPressure
7m33s       Normal    NodeHasSufficientPID                node/docker-desktop                       Node docker-desktop status is now: NodeHasSufficientPID
7m33s       Normal    NodeAllocatableEnforced             node/docker-desktop                       Updated Node Allocatable limit across pods
7m19s       Normal    RegisteredNode                      node/docker-desktop                       Node docker-desktop event: Registered Node docker-desktop in Controller
7m16s       Normal    Starting                            node/docker-desktop
6m9s        Normal    ScalingReplicaSet                   deployment/nginxer-deployment             Scaled up replica set nginxer-deployment-c4474dcf7 to 3
6m8s        Normal    Scheduled                           pod/nginxer-deployment-c4474dcf7-67djj    Successfully assigned default/nginxer-deployment-c4474dcf7-67djj to docker-desktop
6m8s        Normal    SuccessfulCreate                    replicaset/nginxer-deployment-c4474dcf7   Created pod: nginxer-deployment-c4474dcf7-67djj
6m8s        Normal    SuccessfulCreate                    replicaset/nginxer-deployment-c4474dcf7   Created pod: nginxer-deployment-c4474dcf7-q8rzc
6m8s        Normal    SuccessfulCreate                    replicaset/nginxer-deployment-c4474dcf7   Created pod: nginxer-deployment-c4474dcf7-mjvxg
6m8s        Normal    Scheduled                           pod/nginxer-deployment-c4474dcf7-q8rzc    Successfully assigned default/nginxer-deployment-c4474dcf7-q8rzc to docker-desktop
6m8s        Normal    Scheduled                           pod/nginxer-deployment-c4474dcf7-mjvxg    Successfully assigned default/nginxer-deployment-c4474dcf7-mjvxg to docker-desktop
6m7s        Normal    Created                             pod/nginxer-deployment-c4474dcf7-mjvxg    Created container nginxer
6m7s        Normal    Pulled                              pod/nginxer-deployment-c4474dcf7-67djj    Container image "nginxer:3.0" already present on machine
6m7s        Normal    Pulled                              pod/nginxer-deployment-c4474dcf7-mjvxg    Container image "nginxer:3.0" already present on machine
6m7s        Normal    Created                             pod/nginxer-deployment-c4474dcf7-67djj    Created container nginxer
6m7s        Normal    Pulled                              pod/nginxer-deployment-c4474dcf7-q8rzc    Container image "nginxer:3.0" already present on machine
6m7s        Normal    Created                             pod/nginxer-deployment-c4474dcf7-q8rzc    Created container nginxer
6m6s        Normal    Started                             pod/nginxer-deployment-c4474dcf7-q8rzc    Started container nginxer
6m6s        Normal    Started                             pod/nginxer-deployment-c4474dcf7-mjvxg    Started container nginxer
6m6s        Normal    Started                             pod/nginxer-deployment-c4474dcf7-67djj    Started container nginxer
3m59s       Normal    SuccessfulCreate                    replicaset/nginxer-deployment-c4474dcf7   Created pod: nginxer-deployment-c4474dcf7-6s55w
3m59s       Normal    Scheduled                           pod/nginxer-deployment-c4474dcf7-6s55w    Successfully assigned default/nginxer-deployment-c4474dcf7-6s55w to docker-desktop
3m59s       Normal    Scheduled                           pod/nginxer-deployment-c4474dcf7-xz5gt    Successfully assigned default/nginxer-deployment-c4474dcf7-xz5gt to docker-desktop
3m59s       Normal    ScalingReplicaSet                   deployment/nginxer-deployment             Scaled up replica set nginxer-deployment-c4474dcf7 to 5 from 3
3m59s       Normal    SuccessfulCreate                    replicaset/nginxer-deployment-c4474dcf7   Created pod: nginxer-deployment-c4474dcf7-xz5gt
3m58s       Normal    Created                             pod/nginxer-deployment-c4474dcf7-6s55w    Created container nginxer
3m58s       Normal    Started                             pod/nginxer-deployment-c4474dcf7-xz5gt    Started container nginxer
3m58s       Normal    Pulled                              pod/nginxer-deployment-c4474dcf7-6s55w    Container image "nginxer:3.0" already present on machine
3m58s       Normal    Created                             pod/nginxer-deployment-c4474dcf7-xz5gt    Created container nginxer
3m58s       Normal    Started                             pod/nginxer-deployment-c4474dcf7-6s55w    Started container nginxer
3m58s       Normal    Pulled                              pod/nginxer-deployment-c4474dcf7-xz5gt    Container image "nginxer:3.0" already present on machine
3m35s       Normal    Killing                             pod/nginxer-deployment-c4474dcf7-xz5gt    Stopping container nginxer
3m35s       Normal    Killing                             pod/nginxer-deployment-c4474dcf7-q8rzc    Stopping container nginxer
3m35s       Normal    Killing                             pod/nginxer-deployment-c4474dcf7-6s55w    Stopping container nginxer
3m35s       Normal    SuccessfulDelete                    replicaset/nginxer-deployment-c4474dcf7   Deleted pod: nginxer-deployment-c4474dcf7-q8rzc
3m35s       Normal    SuccessfulDelete                    replicaset/nginxer-deployment-c4474dcf7   Deleted pod: nginxer-deployment-c4474dcf7-xz5gt
3m35s       Normal    SuccessfulDelete                    replicaset/nginxer-deployment-c4474dcf7   Deleted pod: nginxer-deployment-c4474dcf7-6s55w
3m35s       Normal    ScalingReplicaSet                   deployment/nginxer-deployment             Scaled down replica set nginxer-deployment-c4474dcf7 to 2 from 5